// Jest Snapshot v1, https://goo.gl/fbAQLP

exports[`creates HPA with 2 default scaleUp policies and 1 default scaleDown policy, when all other scaleUp and scaleDown options are provided 1`] = `
Array [
  Object {
    "apiVersion": "apps/v1",
    "kind": "Deployment",
    "metadata": Object {
      "name": "test-deployment-c898c72d",
    },
    "spec": Object {
      "minReadySeconds": 0,
      "progressDeadlineSeconds": 600,
      "selector": Object {
        "matchLabels": Object {
          "cdk8s.io/metadata.addr": "test-Deployment-c83f5e59",
        },
      },
      "strategy": Object {
        "rollingUpdate": Object {
          "maxSurge": "25%",
          "maxUnavailable": "25%",
        },
        "type": "RollingUpdate",
      },
      "template": Object {
        "metadata": Object {
          "labels": Object {
            "cdk8s.io/metadata.addr": "test-Deployment-c83f5e59",
          },
        },
        "spec": Object {
          "automountServiceAccountToken": false,
          "containers": Array [
            Object {
              "image": "pod",
              "imagePullPolicy": "Always",
              "name": "main",
              "resources": Object {
                "limits": Object {
                  "cpu": "1500m",
                  "memory": "2048Mi",
                },
                "requests": Object {
                  "cpu": "1000m",
                  "memory": "512Mi",
                },
              },
              "securityContext": Object {
                "allowPrivilegeEscalation": false,
                "privileged": false,
                "readOnlyRootFilesystem": true,
                "runAsNonRoot": true,
              },
            },
          ],
          "dnsPolicy": "ClusterFirst",
          "hostNetwork": false,
          "restartPolicy": "Always",
          "securityContext": Object {
            "fsGroupChangePolicy": "Always",
            "runAsNonRoot": true,
          },
          "setHostnameAsFQDN": false,
          "shareProcessNamespace": false,
          "terminationGracePeriodSeconds": 30,
        },
      },
    },
  },
  Object {
    "apiVersion": "autoscaling/v2",
    "kind": "HorizontalPodAutoscaler",
    "metadata": Object {
      "name": "test-hpa-c8e6eb3e",
    },
    "spec": Object {
      "behavior": Object {
        "scaleDown": Object {
          "policies": Array [
            Object {
              "periodSeconds": 300,
              "type": "Pods",
              "value": 1,
            },
          ],
          "selectPolicy": "Max",
          "stabilizationWindowSeconds": 300,
        },
        "scaleUp": Object {
          "policies": Array [
            Object {
              "periodSeconds": 60,
              "type": "Pods",
              "value": 4,
            },
            Object {
              "periodSeconds": 60,
              "type": "Percent",
              "value": 200,
            },
          ],
          "selectPolicy": "Max",
          "stabilizationWindowSeconds": 300,
        },
      },
      "maxReplicas": 10,
      "minReplicas": 1,
      "scaleTargetRef": Object {
        "apiVersion": "apps/v1",
        "kind": "Deployment",
        "name": "test-deployment-c898c72d",
      },
    },
  },
]
`;

exports[`creates HPA with CPU ContainerResource metric, when provided a Metric.containerCpu() 1`] = `
Array [
  Object {
    "apiVersion": "apps/v1",
    "kind": "Deployment",
    "metadata": Object {
      "name": "test-deployment-c898c72d",
    },
    "spec": Object {
      "minReadySeconds": 0,
      "progressDeadlineSeconds": 600,
      "selector": Object {
        "matchLabels": Object {
          "cdk8s.io/metadata.addr": "test-Deployment-c83f5e59",
        },
      },
      "strategy": Object {
        "rollingUpdate": Object {
          "maxSurge": "25%",
          "maxUnavailable": "25%",
        },
        "type": "RollingUpdate",
      },
      "template": Object {
        "metadata": Object {
          "labels": Object {
            "cdk8s.io/metadata.addr": "test-Deployment-c83f5e59",
          },
        },
        "spec": Object {
          "automountServiceAccountToken": false,
          "containers": Array [
            Object {
              "image": "pod",
              "imagePullPolicy": "Always",
              "name": "main",
              "resources": Object {
                "limits": Object {
                  "cpu": "1500m",
                  "memory": "2048Mi",
                },
                "requests": Object {
                  "cpu": "1000m",
                  "memory": "512Mi",
                },
              },
              "securityContext": Object {
                "allowPrivilegeEscalation": false,
                "privileged": false,
                "readOnlyRootFilesystem": true,
                "runAsNonRoot": true,
              },
            },
          ],
          "dnsPolicy": "ClusterFirst",
          "hostNetwork": false,
          "restartPolicy": "Always",
          "securityContext": Object {
            "fsGroupChangePolicy": "Always",
            "runAsNonRoot": true,
          },
          "setHostnameAsFQDN": false,
          "shareProcessNamespace": false,
          "terminationGracePeriodSeconds": 30,
        },
      },
    },
  },
  Object {
    "apiVersion": "autoscaling/v2",
    "kind": "HorizontalPodAutoscaler",
    "metadata": Object {
      "name": "test-hpa-c8e6eb3e",
    },
    "spec": Object {
      "behavior": Object {
        "scaleDown": Object {
          "policies": Array [
            Object {
              "periodSeconds": 300,
              "type": "Pods",
              "value": 1,
            },
          ],
          "selectPolicy": "Max",
          "stabilizationWindowSeconds": 300,
        },
        "scaleUp": Object {
          "policies": Array [
            Object {
              "periodSeconds": 60,
              "type": "Pods",
              "value": 4,
            },
            Object {
              "periodSeconds": 60,
              "type": "Percent",
              "value": 200,
            },
          ],
          "selectPolicy": "Max",
          "stabilizationWindowSeconds": 0,
        },
      },
      "maxReplicas": 10,
      "metrics": Array [
        Object {
          "containerResource": Object {
            "container": "main",
            "name": "cpu",
            "target": Object {
              "averageUtilization": 50,
              "type": "Utilization",
            },
          },
          "type": "ContainerResource",
        },
      ],
      "minReplicas": 1,
      "scaleTargetRef": Object {
        "apiVersion": "apps/v1",
        "kind": "Deployment",
        "name": "test-deployment-c898c72d",
      },
    },
  },
]
`;

exports[`creates HPA with Ephemeral Storage ContainerResource metric, when provided a Metric.containerStorage() 1`] = `
Array [
  Object {
    "apiVersion": "apps/v1",
    "kind": "Deployment",
    "metadata": Object {
      "name": "test-deployment-c898c72d",
    },
    "spec": Object {
      "minReadySeconds": 0,
      "progressDeadlineSeconds": 600,
      "selector": Object {
        "matchLabels": Object {
          "cdk8s.io/metadata.addr": "test-Deployment-c83f5e59",
        },
      },
      "strategy": Object {
        "rollingUpdate": Object {
          "maxSurge": "25%",
          "maxUnavailable": "25%",
        },
        "type": "RollingUpdate",
      },
      "template": Object {
        "metadata": Object {
          "labels": Object {
            "cdk8s.io/metadata.addr": "test-Deployment-c83f5e59",
          },
        },
        "spec": Object {
          "automountServiceAccountToken": false,
          "containers": Array [
            Object {
              "image": "pod",
              "imagePullPolicy": "Always",
              "name": "main",
              "resources": Object {
                "limits": Object {
                  "cpu": "1500m",
                  "memory": "2048Mi",
                },
                "requests": Object {
                  "cpu": "1000m",
                  "memory": "512Mi",
                },
              },
              "securityContext": Object {
                "allowPrivilegeEscalation": false,
                "privileged": false,
                "readOnlyRootFilesystem": true,
                "runAsNonRoot": true,
              },
            },
          ],
          "dnsPolicy": "ClusterFirst",
          "hostNetwork": false,
          "restartPolicy": "Always",
          "securityContext": Object {
            "fsGroupChangePolicy": "Always",
            "runAsNonRoot": true,
          },
          "setHostnameAsFQDN": false,
          "shareProcessNamespace": false,
          "terminationGracePeriodSeconds": 30,
        },
      },
    },
  },
  Object {
    "apiVersion": "autoscaling/v2",
    "kind": "HorizontalPodAutoscaler",
    "metadata": Object {
      "name": "test-hpa-c8e6eb3e",
    },
    "spec": Object {
      "behavior": Object {
        "scaleDown": Object {
          "policies": Array [
            Object {
              "periodSeconds": 300,
              "type": "Pods",
              "value": 1,
            },
          ],
          "selectPolicy": "Max",
          "stabilizationWindowSeconds": 300,
        },
        "scaleUp": Object {
          "policies": Array [
            Object {
              "periodSeconds": 60,
              "type": "Pods",
              "value": 4,
            },
            Object {
              "periodSeconds": 60,
              "type": "Percent",
              "value": 200,
            },
          ],
          "selectPolicy": "Max",
          "stabilizationWindowSeconds": 0,
        },
      },
      "maxReplicas": 10,
      "metrics": Array [
        Object {
          "containerResource": Object {
            "container": "main",
            "name": "ephemeral-storage",
            "target": Object {
              "averageUtilization": 50,
              "type": "Utilization",
            },
          },
          "type": "ContainerResource",
        },
      ],
      "minReplicas": 1,
      "scaleTargetRef": Object {
        "apiVersion": "apps/v1",
        "kind": "Deployment",
        "name": "test-deployment-c898c72d",
      },
    },
  },
]
`;

exports[`creates HPA with Memory ContainerResource metric, when provided a Metric.containerMemory() 1`] = `
Array [
  Object {
    "apiVersion": "apps/v1",
    "kind": "Deployment",
    "metadata": Object {
      "name": "test-deployment-c898c72d",
    },
    "spec": Object {
      "minReadySeconds": 0,
      "progressDeadlineSeconds": 600,
      "selector": Object {
        "matchLabels": Object {
          "cdk8s.io/metadata.addr": "test-Deployment-c83f5e59",
        },
      },
      "strategy": Object {
        "rollingUpdate": Object {
          "maxSurge": "25%",
          "maxUnavailable": "25%",
        },
        "type": "RollingUpdate",
      },
      "template": Object {
        "metadata": Object {
          "labels": Object {
            "cdk8s.io/metadata.addr": "test-Deployment-c83f5e59",
          },
        },
        "spec": Object {
          "automountServiceAccountToken": false,
          "containers": Array [
            Object {
              "image": "pod",
              "imagePullPolicy": "Always",
              "name": "main",
              "resources": Object {
                "limits": Object {
                  "cpu": "1500m",
                  "memory": "2048Mi",
                },
                "requests": Object {
                  "cpu": "1000m",
                  "memory": "512Mi",
                },
              },
              "securityContext": Object {
                "allowPrivilegeEscalation": false,
                "privileged": false,
                "readOnlyRootFilesystem": true,
                "runAsNonRoot": true,
              },
            },
          ],
          "dnsPolicy": "ClusterFirst",
          "hostNetwork": false,
          "restartPolicy": "Always",
          "securityContext": Object {
            "fsGroupChangePolicy": "Always",
            "runAsNonRoot": true,
          },
          "setHostnameAsFQDN": false,
          "shareProcessNamespace": false,
          "terminationGracePeriodSeconds": 30,
        },
      },
    },
  },
  Object {
    "apiVersion": "autoscaling/v2",
    "kind": "HorizontalPodAutoscaler",
    "metadata": Object {
      "name": "test-hpa-c8e6eb3e",
    },
    "spec": Object {
      "behavior": Object {
        "scaleDown": Object {
          "policies": Array [
            Object {
              "periodSeconds": 300,
              "type": "Pods",
              "value": 1,
            },
          ],
          "selectPolicy": "Max",
          "stabilizationWindowSeconds": 300,
        },
        "scaleUp": Object {
          "policies": Array [
            Object {
              "periodSeconds": 60,
              "type": "Pods",
              "value": 4,
            },
            Object {
              "periodSeconds": 60,
              "type": "Percent",
              "value": 200,
            },
          ],
          "selectPolicy": "Max",
          "stabilizationWindowSeconds": 0,
        },
      },
      "maxReplicas": 10,
      "metrics": Array [
        Object {
          "containerResource": Object {
            "container": "main",
            "name": "memory",
            "target": Object {
              "averageUtilization": 50,
              "type": "Utilization",
            },
          },
          "type": "ContainerResource",
        },
      ],
      "minReplicas": 1,
      "scaleTargetRef": Object {
        "apiVersion": "apps/v1",
        "kind": "Deployment",
        "name": "test-deployment-c898c72d",
      },
    },
  },
]
`;

exports[`creates HPA with Resource CPU metric targeting 47.2 average value, when provided a MetricTarget.averageUtilization() 1`] = `
Array [
  Object {
    "apiVersion": "apps/v1",
    "kind": "Deployment",
    "metadata": Object {
      "name": "test-deployment-c898c72d",
    },
    "spec": Object {
      "minReadySeconds": 0,
      "progressDeadlineSeconds": 600,
      "selector": Object {
        "matchLabels": Object {
          "cdk8s.io/metadata.addr": "test-Deployment-c83f5e59",
        },
      },
      "strategy": Object {
        "rollingUpdate": Object {
          "maxSurge": "25%",
          "maxUnavailable": "25%",
        },
        "type": "RollingUpdate",
      },
      "template": Object {
        "metadata": Object {
          "labels": Object {
            "cdk8s.io/metadata.addr": "test-Deployment-c83f5e59",
          },
        },
        "spec": Object {
          "automountServiceAccountToken": false,
          "containers": Array [
            Object {
              "image": "pod",
              "imagePullPolicy": "Always",
              "name": "main",
              "resources": Object {
                "limits": Object {
                  "cpu": "1500m",
                  "memory": "2048Mi",
                },
                "requests": Object {
                  "cpu": "1000m",
                  "memory": "512Mi",
                },
              },
              "securityContext": Object {
                "allowPrivilegeEscalation": false,
                "privileged": false,
                "readOnlyRootFilesystem": true,
                "runAsNonRoot": true,
              },
            },
          ],
          "dnsPolicy": "ClusterFirst",
          "hostNetwork": false,
          "restartPolicy": "Always",
          "securityContext": Object {
            "fsGroupChangePolicy": "Always",
            "runAsNonRoot": true,
          },
          "setHostnameAsFQDN": false,
          "shareProcessNamespace": false,
          "terminationGracePeriodSeconds": 30,
        },
      },
    },
  },
  Object {
    "apiVersion": "autoscaling/v2",
    "kind": "HorizontalPodAutoscaler",
    "metadata": Object {
      "name": "test-hpa-c8e6eb3e",
    },
    "spec": Object {
      "behavior": Object {
        "scaleDown": Object {
          "policies": Array [
            Object {
              "periodSeconds": 300,
              "type": "Pods",
              "value": 1,
            },
          ],
          "selectPolicy": "Max",
          "stabilizationWindowSeconds": 300,
        },
        "scaleUp": Object {
          "policies": Array [
            Object {
              "periodSeconds": 60,
              "type": "Pods",
              "value": 4,
            },
            Object {
              "periodSeconds": 60,
              "type": "Percent",
              "value": 200,
            },
          ],
          "selectPolicy": "Max",
          "stabilizationWindowSeconds": 0,
        },
      },
      "maxReplicas": 10,
      "metrics": Array [
        Object {
          "resource": Object {
            "name": "cpu",
            "target": Object {
              "averageValue": 47.2,
              "type": "AverageValue",
            },
          },
          "type": "Resource",
        },
      ],
      "minReplicas": 1,
      "scaleTargetRef": Object {
        "apiVersion": "apps/v1",
        "kind": "Deployment",
        "name": "test-deployment-c898c72d",
      },
    },
  },
]
`;

exports[`creates HPA with Resource CPU metric targeting 70% average utilization, when provided a MetricTarget.averageUtilization() 1`] = `
Array [
  Object {
    "apiVersion": "apps/v1",
    "kind": "Deployment",
    "metadata": Object {
      "name": "test-deployment-c898c72d",
    },
    "spec": Object {
      "minReadySeconds": 0,
      "progressDeadlineSeconds": 600,
      "selector": Object {
        "matchLabels": Object {
          "cdk8s.io/metadata.addr": "test-Deployment-c83f5e59",
        },
      },
      "strategy": Object {
        "rollingUpdate": Object {
          "maxSurge": "25%",
          "maxUnavailable": "25%",
        },
        "type": "RollingUpdate",
      },
      "template": Object {
        "metadata": Object {
          "labels": Object {
            "cdk8s.io/metadata.addr": "test-Deployment-c83f5e59",
          },
        },
        "spec": Object {
          "automountServiceAccountToken": false,
          "containers": Array [
            Object {
              "image": "pod",
              "imagePullPolicy": "Always",
              "name": "main",
              "resources": Object {
                "limits": Object {
                  "cpu": "1500m",
                  "memory": "2048Mi",
                },
                "requests": Object {
                  "cpu": "1000m",
                  "memory": "512Mi",
                },
              },
              "securityContext": Object {
                "allowPrivilegeEscalation": false,
                "privileged": false,
                "readOnlyRootFilesystem": true,
                "runAsNonRoot": true,
              },
            },
          ],
          "dnsPolicy": "ClusterFirst",
          "hostNetwork": false,
          "restartPolicy": "Always",
          "securityContext": Object {
            "fsGroupChangePolicy": "Always",
            "runAsNonRoot": true,
          },
          "setHostnameAsFQDN": false,
          "shareProcessNamespace": false,
          "terminationGracePeriodSeconds": 30,
        },
      },
    },
  },
  Object {
    "apiVersion": "autoscaling/v2",
    "kind": "HorizontalPodAutoscaler",
    "metadata": Object {
      "name": "test-hpa-c8e6eb3e",
    },
    "spec": Object {
      "behavior": Object {
        "scaleDown": Object {
          "policies": Array [
            Object {
              "periodSeconds": 300,
              "type": "Pods",
              "value": 1,
            },
          ],
          "selectPolicy": "Max",
          "stabilizationWindowSeconds": 300,
        },
        "scaleUp": Object {
          "policies": Array [
            Object {
              "periodSeconds": 60,
              "type": "Pods",
              "value": 4,
            },
            Object {
              "periodSeconds": 60,
              "type": "Percent",
              "value": 200,
            },
          ],
          "selectPolicy": "Max",
          "stabilizationWindowSeconds": 0,
        },
      },
      "maxReplicas": 10,
      "metrics": Array [
        Object {
          "resource": Object {
            "name": "cpu",
            "target": Object {
              "averageUtilization": 70,
              "type": "Utilization",
            },
          },
          "type": "Resource",
        },
      ],
      "minReplicas": 1,
      "scaleTargetRef": Object {
        "apiVersion": "apps/v1",
        "kind": "Deployment",
        "name": "test-deployment-c898c72d",
      },
    },
  },
]
`;

exports[`creates HPA with Resource CPU metric targeting the exact value of 29.5, when provided a MetricTarget.value() 1`] = `
Array [
  Object {
    "apiVersion": "apps/v1",
    "kind": "Deployment",
    "metadata": Object {
      "name": "test-deployment-c898c72d",
    },
    "spec": Object {
      "minReadySeconds": 0,
      "progressDeadlineSeconds": 600,
      "selector": Object {
        "matchLabels": Object {
          "cdk8s.io/metadata.addr": "test-Deployment-c83f5e59",
        },
      },
      "strategy": Object {
        "rollingUpdate": Object {
          "maxSurge": "25%",
          "maxUnavailable": "25%",
        },
        "type": "RollingUpdate",
      },
      "template": Object {
        "metadata": Object {
          "labels": Object {
            "cdk8s.io/metadata.addr": "test-Deployment-c83f5e59",
          },
        },
        "spec": Object {
          "automountServiceAccountToken": false,
          "containers": Array [
            Object {
              "image": "pod",
              "imagePullPolicy": "Always",
              "name": "main",
              "resources": Object {
                "limits": Object {
                  "cpu": "1500m",
                  "memory": "2048Mi",
                },
                "requests": Object {
                  "cpu": "1000m",
                  "memory": "512Mi",
                },
              },
              "securityContext": Object {
                "allowPrivilegeEscalation": false,
                "privileged": false,
                "readOnlyRootFilesystem": true,
                "runAsNonRoot": true,
              },
            },
          ],
          "dnsPolicy": "ClusterFirst",
          "hostNetwork": false,
          "restartPolicy": "Always",
          "securityContext": Object {
            "fsGroupChangePolicy": "Always",
            "runAsNonRoot": true,
          },
          "setHostnameAsFQDN": false,
          "shareProcessNamespace": false,
          "terminationGracePeriodSeconds": 30,
        },
      },
    },
  },
  Object {
    "apiVersion": "autoscaling/v2",
    "kind": "HorizontalPodAutoscaler",
    "metadata": Object {
      "name": "test-hpa-c8e6eb3e",
    },
    "spec": Object {
      "behavior": Object {
        "scaleDown": Object {
          "policies": Array [
            Object {
              "periodSeconds": 300,
              "type": "Pods",
              "value": 1,
            },
          ],
          "selectPolicy": "Max",
          "stabilizationWindowSeconds": 300,
        },
        "scaleUp": Object {
          "policies": Array [
            Object {
              "periodSeconds": 60,
              "type": "Pods",
              "value": 4,
            },
            Object {
              "periodSeconds": 60,
              "type": "Percent",
              "value": 200,
            },
          ],
          "selectPolicy": "Max",
          "stabilizationWindowSeconds": 0,
        },
      },
      "maxReplicas": 10,
      "metrics": Array [
        Object {
          "resource": Object {
            "name": "cpu",
            "target": Object {
              "type": "Value",
              "value": 29.5,
            },
          },
          "type": "Resource",
        },
      ],
      "minReplicas": 1,
      "scaleTargetRef": Object {
        "apiVersion": "apps/v1",
        "kind": "Deployment",
        "name": "test-deployment-c898c72d",
      },
    },
  },
]
`;

exports[`creates HPA with Resource CPU metric, when provided a Metric.resourceCpu() 1`] = `
Array [
  Object {
    "apiVersion": "apps/v1",
    "kind": "Deployment",
    "metadata": Object {
      "name": "test-deployment-c898c72d",
    },
    "spec": Object {
      "minReadySeconds": 0,
      "progressDeadlineSeconds": 600,
      "selector": Object {
        "matchLabels": Object {
          "cdk8s.io/metadata.addr": "test-Deployment-c83f5e59",
        },
      },
      "strategy": Object {
        "rollingUpdate": Object {
          "maxSurge": "25%",
          "maxUnavailable": "25%",
        },
        "type": "RollingUpdate",
      },
      "template": Object {
        "metadata": Object {
          "labels": Object {
            "cdk8s.io/metadata.addr": "test-Deployment-c83f5e59",
          },
        },
        "spec": Object {
          "automountServiceAccountToken": false,
          "containers": Array [
            Object {
              "image": "pod",
              "imagePullPolicy": "Always",
              "name": "main",
              "resources": Object {
                "limits": Object {
                  "cpu": "1500m",
                  "memory": "2048Mi",
                },
                "requests": Object {
                  "cpu": "1000m",
                  "memory": "512Mi",
                },
              },
              "securityContext": Object {
                "allowPrivilegeEscalation": false,
                "privileged": false,
                "readOnlyRootFilesystem": true,
                "runAsNonRoot": true,
              },
            },
          ],
          "dnsPolicy": "ClusterFirst",
          "hostNetwork": false,
          "restartPolicy": "Always",
          "securityContext": Object {
            "fsGroupChangePolicy": "Always",
            "runAsNonRoot": true,
          },
          "setHostnameAsFQDN": false,
          "shareProcessNamespace": false,
          "terminationGracePeriodSeconds": 30,
        },
      },
    },
  },
  Object {
    "apiVersion": "autoscaling/v2",
    "kind": "HorizontalPodAutoscaler",
    "metadata": Object {
      "name": "test-hpa-c8e6eb3e",
    },
    "spec": Object {
      "behavior": Object {
        "scaleDown": Object {
          "policies": Array [
            Object {
              "periodSeconds": 300,
              "type": "Pods",
              "value": 1,
            },
          ],
          "selectPolicy": "Max",
          "stabilizationWindowSeconds": 300,
        },
        "scaleUp": Object {
          "policies": Array [
            Object {
              "periodSeconds": 60,
              "type": "Pods",
              "value": 4,
            },
            Object {
              "periodSeconds": 60,
              "type": "Percent",
              "value": 200,
            },
          ],
          "selectPolicy": "Max",
          "stabilizationWindowSeconds": 0,
        },
      },
      "maxReplicas": 10,
      "metrics": Array [
        Object {
          "resource": Object {
            "name": "cpu",
            "target": Object {
              "averageUtilization": 50,
              "type": "Utilization",
            },
          },
          "type": "Resource",
        },
      ],
      "minReplicas": 1,
      "scaleTargetRef": Object {
        "apiVersion": "apps/v1",
        "kind": "Deployment",
        "name": "test-deployment-c898c72d",
      },
    },
  },
]
`;

exports[`creates HPA with Resource Ephemeral Storage metric, when provided a Metric.resourceEphemeralStorage() 1`] = `
Array [
  Object {
    "apiVersion": "apps/v1",
    "kind": "Deployment",
    "metadata": Object {
      "name": "test-deployment-c898c72d",
    },
    "spec": Object {
      "minReadySeconds": 0,
      "progressDeadlineSeconds": 600,
      "selector": Object {
        "matchLabels": Object {
          "cdk8s.io/metadata.addr": "test-Deployment-c83f5e59",
        },
      },
      "strategy": Object {
        "rollingUpdate": Object {
          "maxSurge": "25%",
          "maxUnavailable": "25%",
        },
        "type": "RollingUpdate",
      },
      "template": Object {
        "metadata": Object {
          "labels": Object {
            "cdk8s.io/metadata.addr": "test-Deployment-c83f5e59",
          },
        },
        "spec": Object {
          "automountServiceAccountToken": false,
          "containers": Array [
            Object {
              "image": "pod",
              "imagePullPolicy": "Always",
              "name": "main",
              "resources": Object {
                "limits": Object {
                  "cpu": "1500m",
                  "memory": "2048Mi",
                },
                "requests": Object {
                  "cpu": "1000m",
                  "memory": "512Mi",
                },
              },
              "securityContext": Object {
                "allowPrivilegeEscalation": false,
                "privileged": false,
                "readOnlyRootFilesystem": true,
                "runAsNonRoot": true,
              },
            },
          ],
          "dnsPolicy": "ClusterFirst",
          "hostNetwork": false,
          "restartPolicy": "Always",
          "securityContext": Object {
            "fsGroupChangePolicy": "Always",
            "runAsNonRoot": true,
          },
          "setHostnameAsFQDN": false,
          "shareProcessNamespace": false,
          "terminationGracePeriodSeconds": 30,
        },
      },
    },
  },
  Object {
    "apiVersion": "autoscaling/v2",
    "kind": "HorizontalPodAutoscaler",
    "metadata": Object {
      "name": "test-hpa-c8e6eb3e",
    },
    "spec": Object {
      "behavior": Object {
        "scaleDown": Object {
          "policies": Array [
            Object {
              "periodSeconds": 300,
              "type": "Pods",
              "value": 1,
            },
          ],
          "selectPolicy": "Max",
          "stabilizationWindowSeconds": 300,
        },
        "scaleUp": Object {
          "policies": Array [
            Object {
              "periodSeconds": 60,
              "type": "Pods",
              "value": 4,
            },
            Object {
              "periodSeconds": 60,
              "type": "Percent",
              "value": 200,
            },
          ],
          "selectPolicy": "Max",
          "stabilizationWindowSeconds": 0,
        },
      },
      "maxReplicas": 10,
      "metrics": Array [
        Object {
          "resource": Object {
            "name": "ephemeral-storage",
            "target": Object {
              "averageUtilization": 50,
              "type": "Utilization",
            },
          },
          "type": "Resource",
        },
      ],
      "minReplicas": 1,
      "scaleTargetRef": Object {
        "apiVersion": "apps/v1",
        "kind": "Deployment",
        "name": "test-deployment-c898c72d",
      },
    },
  },
]
`;

exports[`creates HPA with Resource Memory metric, when provided a Metric.resourceMemory() 1`] = `
Array [
  Object {
    "apiVersion": "apps/v1",
    "kind": "Deployment",
    "metadata": Object {
      "name": "test-deployment-c898c72d",
    },
    "spec": Object {
      "minReadySeconds": 0,
      "progressDeadlineSeconds": 600,
      "selector": Object {
        "matchLabels": Object {
          "cdk8s.io/metadata.addr": "test-Deployment-c83f5e59",
        },
      },
      "strategy": Object {
        "rollingUpdate": Object {
          "maxSurge": "25%",
          "maxUnavailable": "25%",
        },
        "type": "RollingUpdate",
      },
      "template": Object {
        "metadata": Object {
          "labels": Object {
            "cdk8s.io/metadata.addr": "test-Deployment-c83f5e59",
          },
        },
        "spec": Object {
          "automountServiceAccountToken": false,
          "containers": Array [
            Object {
              "image": "pod",
              "imagePullPolicy": "Always",
              "name": "main",
              "resources": Object {
                "limits": Object {
                  "cpu": "1500m",
                  "memory": "2048Mi",
                },
                "requests": Object {
                  "cpu": "1000m",
                  "memory": "512Mi",
                },
              },
              "securityContext": Object {
                "allowPrivilegeEscalation": false,
                "privileged": false,
                "readOnlyRootFilesystem": true,
                "runAsNonRoot": true,
              },
            },
          ],
          "dnsPolicy": "ClusterFirst",
          "hostNetwork": false,
          "restartPolicy": "Always",
          "securityContext": Object {
            "fsGroupChangePolicy": "Always",
            "runAsNonRoot": true,
          },
          "setHostnameAsFQDN": false,
          "shareProcessNamespace": false,
          "terminationGracePeriodSeconds": 30,
        },
      },
    },
  },
  Object {
    "apiVersion": "autoscaling/v2",
    "kind": "HorizontalPodAutoscaler",
    "metadata": Object {
      "name": "test-hpa-c8e6eb3e",
    },
    "spec": Object {
      "behavior": Object {
        "scaleDown": Object {
          "policies": Array [
            Object {
              "periodSeconds": 300,
              "type": "Pods",
              "value": 1,
            },
          ],
          "selectPolicy": "Max",
          "stabilizationWindowSeconds": 300,
        },
        "scaleUp": Object {
          "policies": Array [
            Object {
              "periodSeconds": 60,
              "type": "Pods",
              "value": 4,
            },
            Object {
              "periodSeconds": 60,
              "type": "Percent",
              "value": 200,
            },
          ],
          "selectPolicy": "Max",
          "stabilizationWindowSeconds": 0,
        },
      },
      "maxReplicas": 10,
      "metrics": Array [
        Object {
          "resource": Object {
            "name": "memory",
            "target": Object {
              "averageUtilization": 50,
              "type": "Utilization",
            },
          },
          "type": "Resource",
        },
      ],
      "minReplicas": 1,
      "scaleTargetRef": Object {
        "apiVersion": "apps/v1",
        "kind": "Deployment",
        "name": "test-deployment-c898c72d",
      },
    },
  },
]
`;

exports[`creates HPA with Resource Storage metric, when provided a Metric.resourceStorage() 1`] = `
Array [
  Object {
    "apiVersion": "apps/v1",
    "kind": "Deployment",
    "metadata": Object {
      "name": "test-deployment-c898c72d",
    },
    "spec": Object {
      "minReadySeconds": 0,
      "progressDeadlineSeconds": 600,
      "selector": Object {
        "matchLabels": Object {
          "cdk8s.io/metadata.addr": "test-Deployment-c83f5e59",
        },
      },
      "strategy": Object {
        "rollingUpdate": Object {
          "maxSurge": "25%",
          "maxUnavailable": "25%",
        },
        "type": "RollingUpdate",
      },
      "template": Object {
        "metadata": Object {
          "labels": Object {
            "cdk8s.io/metadata.addr": "test-Deployment-c83f5e59",
          },
        },
        "spec": Object {
          "automountServiceAccountToken": false,
          "containers": Array [
            Object {
              "image": "pod",
              "imagePullPolicy": "Always",
              "name": "main",
              "resources": Object {
                "limits": Object {
                  "cpu": "1500m",
                  "memory": "2048Mi",
                },
                "requests": Object {
                  "cpu": "1000m",
                  "memory": "512Mi",
                },
              },
              "securityContext": Object {
                "allowPrivilegeEscalation": false,
                "privileged": false,
                "readOnlyRootFilesystem": true,
                "runAsNonRoot": true,
              },
            },
          ],
          "dnsPolicy": "ClusterFirst",
          "hostNetwork": false,
          "restartPolicy": "Always",
          "securityContext": Object {
            "fsGroupChangePolicy": "Always",
            "runAsNonRoot": true,
          },
          "setHostnameAsFQDN": false,
          "shareProcessNamespace": false,
          "terminationGracePeriodSeconds": 30,
        },
      },
    },
  },
  Object {
    "apiVersion": "autoscaling/v2",
    "kind": "HorizontalPodAutoscaler",
    "metadata": Object {
      "name": "test-hpa-c8e6eb3e",
    },
    "spec": Object {
      "behavior": Object {
        "scaleDown": Object {
          "policies": Array [
            Object {
              "periodSeconds": 300,
              "type": "Pods",
              "value": 1,
            },
          ],
          "selectPolicy": "Max",
          "stabilizationWindowSeconds": 300,
        },
        "scaleUp": Object {
          "policies": Array [
            Object {
              "periodSeconds": 60,
              "type": "Pods",
              "value": 4,
            },
            Object {
              "periodSeconds": 60,
              "type": "Percent",
              "value": 200,
            },
          ],
          "selectPolicy": "Max",
          "stabilizationWindowSeconds": 0,
        },
      },
      "maxReplicas": 10,
      "metrics": Array [
        Object {
          "resource": Object {
            "name": "storage",
            "target": Object {
              "averageUtilization": 50,
              "type": "Utilization",
            },
          },
          "type": "Resource",
        },
      ],
      "minReplicas": 1,
      "scaleTargetRef": Object {
        "apiVersion": "apps/v1",
        "kind": "Deployment",
        "name": "test-deployment-c898c72d",
      },
    },
  },
]
`;

exports[`creates HPA with Storage ContainerResource metric, when provided a Metric.containerStorage() 1`] = `
Array [
  Object {
    "apiVersion": "apps/v1",
    "kind": "Deployment",
    "metadata": Object {
      "name": "test-deployment-c898c72d",
    },
    "spec": Object {
      "minReadySeconds": 0,
      "progressDeadlineSeconds": 600,
      "selector": Object {
        "matchLabels": Object {
          "cdk8s.io/metadata.addr": "test-Deployment-c83f5e59",
        },
      },
      "strategy": Object {
        "rollingUpdate": Object {
          "maxSurge": "25%",
          "maxUnavailable": "25%",
        },
        "type": "RollingUpdate",
      },
      "template": Object {
        "metadata": Object {
          "labels": Object {
            "cdk8s.io/metadata.addr": "test-Deployment-c83f5e59",
          },
        },
        "spec": Object {
          "automountServiceAccountToken": false,
          "containers": Array [
            Object {
              "image": "pod",
              "imagePullPolicy": "Always",
              "name": "main",
              "resources": Object {
                "limits": Object {
                  "cpu": "1500m",
                  "memory": "2048Mi",
                },
                "requests": Object {
                  "cpu": "1000m",
                  "memory": "512Mi",
                },
              },
              "securityContext": Object {
                "allowPrivilegeEscalation": false,
                "privileged": false,
                "readOnlyRootFilesystem": true,
                "runAsNonRoot": true,
              },
            },
          ],
          "dnsPolicy": "ClusterFirst",
          "hostNetwork": false,
          "restartPolicy": "Always",
          "securityContext": Object {
            "fsGroupChangePolicy": "Always",
            "runAsNonRoot": true,
          },
          "setHostnameAsFQDN": false,
          "shareProcessNamespace": false,
          "terminationGracePeriodSeconds": 30,
        },
      },
    },
  },
  Object {
    "apiVersion": "autoscaling/v2",
    "kind": "HorizontalPodAutoscaler",
    "metadata": Object {
      "name": "test-hpa-c8e6eb3e",
    },
    "spec": Object {
      "behavior": Object {
        "scaleDown": Object {
          "policies": Array [
            Object {
              "periodSeconds": 300,
              "type": "Pods",
              "value": 1,
            },
          ],
          "selectPolicy": "Max",
          "stabilizationWindowSeconds": 300,
        },
        "scaleUp": Object {
          "policies": Array [
            Object {
              "periodSeconds": 60,
              "type": "Pods",
              "value": 4,
            },
            Object {
              "periodSeconds": 60,
              "type": "Percent",
              "value": 200,
            },
          ],
          "selectPolicy": "Max",
          "stabilizationWindowSeconds": 0,
        },
      },
      "maxReplicas": 10,
      "metrics": Array [
        Object {
          "containerResource": Object {
            "container": "main",
            "name": "storage",
            "target": Object {
              "averageUtilization": 50,
              "type": "Utilization",
            },
          },
          "type": "ContainerResource",
        },
      ],
      "minReplicas": 1,
      "scaleTargetRef": Object {
        "apiVersion": "apps/v1",
        "kind": "Deployment",
        "name": "test-deployment-c898c72d",
      },
    },
  },
]
`;

exports[`creates HPA with expected spec, when metrics, scaleUp, and scaleDown are all configured 1`] = `
Array [
  Object {
    "apiVersion": "apps/v1",
    "kind": "Deployment",
    "metadata": Object {
      "name": "test-deployment-c898c72d",
    },
    "spec": Object {
      "minReadySeconds": 0,
      "progressDeadlineSeconds": 600,
      "selector": Object {
        "matchLabels": Object {
          "cdk8s.io/metadata.addr": "test-Deployment-c83f5e59",
        },
      },
      "strategy": Object {
        "rollingUpdate": Object {
          "maxSurge": "25%",
          "maxUnavailable": "25%",
        },
        "type": "RollingUpdate",
      },
      "template": Object {
        "metadata": Object {
          "labels": Object {
            "cdk8s.io/metadata.addr": "test-Deployment-c83f5e59",
          },
        },
        "spec": Object {
          "automountServiceAccountToken": false,
          "containers": Array [
            Object {
              "image": "pod",
              "imagePullPolicy": "Always",
              "name": "main",
              "resources": Object {
                "limits": Object {
                  "cpu": "1500m",
                  "memory": "2048Mi",
                },
                "requests": Object {
                  "cpu": "1000m",
                  "memory": "512Mi",
                },
              },
              "securityContext": Object {
                "allowPrivilegeEscalation": false,
                "privileged": false,
                "readOnlyRootFilesystem": true,
                "runAsNonRoot": true,
              },
            },
          ],
          "dnsPolicy": "ClusterFirst",
          "hostNetwork": false,
          "restartPolicy": "Always",
          "securityContext": Object {
            "fsGroupChangePolicy": "Always",
            "runAsNonRoot": true,
          },
          "setHostnameAsFQDN": false,
          "shareProcessNamespace": false,
          "terminationGracePeriodSeconds": 30,
        },
      },
    },
  },
  Object {
    "apiVersion": "autoscaling/v2",
    "kind": "HorizontalPodAutoscaler",
    "metadata": Object {
      "name": "test-hpa-c8e6eb3e",
    },
    "spec": Object {
      "behavior": Object {
        "scaleDown": Object {
          "policies": Array [
            Object {
              "periodSeconds": 180,
              "type": "Pods",
              "value": 3,
            },
            Object {
              "periodSeconds": 15,
              "type": "Percent",
              "value": 30,
            },
          ],
          "selectPolicy": "Max",
          "stabilizationWindowSeconds": 300,
        },
        "scaleUp": Object {
          "policies": Array [
            Object {
              "periodSeconds": 180,
              "type": "Pods",
              "value": 3,
            },
            Object {
              "periodSeconds": 15,
              "type": "Percent",
              "value": 30,
            },
          ],
          "selectPolicy": "Max",
          "stabilizationWindowSeconds": 300,
        },
      },
      "maxReplicas": 10,
      "metrics": Array [
        Object {
          "resource": Object {
            "name": "cpu",
            "target": Object {
              "averageUtilization": 50,
              "type": "Utilization",
            },
          },
          "type": "Resource",
        },
      ],
      "minReplicas": 2,
      "scaleTargetRef": Object {
        "apiVersion": "apps/v1",
        "kind": "Deployment",
        "name": "test-deployment-c898c72d",
      },
    },
  },
]
`;

exports[`creates HPA with external metric, when provided a Metric.external() 1`] = `
Array [
  Object {
    "apiVersion": "apps/v1",
    "kind": "Deployment",
    "metadata": Object {
      "name": "test-deployment-c898c72d",
    },
    "spec": Object {
      "minReadySeconds": 0,
      "progressDeadlineSeconds": 600,
      "selector": Object {
        "matchLabels": Object {
          "cdk8s.io/metadata.addr": "test-Deployment-c83f5e59",
        },
      },
      "strategy": Object {
        "rollingUpdate": Object {
          "maxSurge": "25%",
          "maxUnavailable": "25%",
        },
        "type": "RollingUpdate",
      },
      "template": Object {
        "metadata": Object {
          "labels": Object {
            "cdk8s.io/metadata.addr": "test-Deployment-c83f5e59",
          },
        },
        "spec": Object {
          "automountServiceAccountToken": false,
          "containers": Array [
            Object {
              "image": "pod",
              "imagePullPolicy": "Always",
              "name": "main",
              "resources": Object {
                "limits": Object {
                  "cpu": "1500m",
                  "memory": "2048Mi",
                },
                "requests": Object {
                  "cpu": "1000m",
                  "memory": "512Mi",
                },
              },
              "securityContext": Object {
                "allowPrivilegeEscalation": false,
                "privileged": false,
                "readOnlyRootFilesystem": true,
                "runAsNonRoot": true,
              },
            },
          ],
          "dnsPolicy": "ClusterFirst",
          "hostNetwork": false,
          "restartPolicy": "Always",
          "securityContext": Object {
            "fsGroupChangePolicy": "Always",
            "runAsNonRoot": true,
          },
          "setHostnameAsFQDN": false,
          "shareProcessNamespace": false,
          "terminationGracePeriodSeconds": 30,
        },
      },
    },
  },
  Object {
    "apiVersion": "autoscaling/v2",
    "kind": "HorizontalPodAutoscaler",
    "metadata": Object {
      "name": "test-hpa-c8e6eb3e",
    },
    "spec": Object {
      "behavior": Object {
        "scaleDown": Object {
          "policies": Array [
            Object {
              "periodSeconds": 300,
              "type": "Pods",
              "value": 1,
            },
          ],
          "selectPolicy": "Max",
          "stabilizationWindowSeconds": 300,
        },
        "scaleUp": Object {
          "policies": Array [
            Object {
              "periodSeconds": 60,
              "type": "Pods",
              "value": 4,
            },
            Object {
              "periodSeconds": 60,
              "type": "Percent",
              "value": 200,
            },
          ],
          "selectPolicy": "Max",
          "stabilizationWindowSeconds": 0,
        },
      },
      "maxReplicas": 10,
      "metrics": Array [
        Object {
          "external": Object {
            "metric": Object {
              "name": "sqs-queue",
              "selector": Object {
                "matchLabels": Object {
                  "app": "scraper",
                },
              },
            },
            "target": Object {
              "averageUtilization": 50,
              "type": "Utilization",
            },
          },
          "type": "External",
        },
      ],
      "minReplicas": 1,
      "scaleTargetRef": Object {
        "apiVersion": "apps/v1",
        "kind": "Deployment",
        "name": "test-deployment-c898c72d",
      },
    },
  },
]
`;

exports[`creates HPA with object metric, when provided a Metric.object() 1`] = `
Array [
  Object {
    "apiVersion": "apps/v1",
    "kind": "Deployment",
    "metadata": Object {
      "name": "test-deployment-c898c72d",
    },
    "spec": Object {
      "minReadySeconds": 0,
      "progressDeadlineSeconds": 600,
      "selector": Object {
        "matchLabels": Object {
          "cdk8s.io/metadata.addr": "test-Deployment-c83f5e59",
        },
      },
      "strategy": Object {
        "rollingUpdate": Object {
          "maxSurge": "25%",
          "maxUnavailable": "25%",
        },
        "type": "RollingUpdate",
      },
      "template": Object {
        "metadata": Object {
          "labels": Object {
            "cdk8s.io/metadata.addr": "test-Deployment-c83f5e59",
          },
        },
        "spec": Object {
          "automountServiceAccountToken": false,
          "containers": Array [
            Object {
              "image": "pod",
              "imagePullPolicy": "Always",
              "name": "main",
              "resources": Object {
                "limits": Object {
                  "cpu": "1500m",
                  "memory": "2048Mi",
                },
                "requests": Object {
                  "cpu": "1000m",
                  "memory": "512Mi",
                },
              },
              "securityContext": Object {
                "allowPrivilegeEscalation": false,
                "privileged": false,
                "readOnlyRootFilesystem": true,
                "runAsNonRoot": true,
              },
            },
          ],
          "dnsPolicy": "ClusterFirst",
          "hostNetwork": false,
          "restartPolicy": "Always",
          "securityContext": Object {
            "fsGroupChangePolicy": "Always",
            "runAsNonRoot": true,
          },
          "setHostnameAsFQDN": false,
          "shareProcessNamespace": false,
          "terminationGracePeriodSeconds": 30,
        },
      },
    },
  },
  Object {
    "apiVersion": "v1",
    "kind": "Service",
    "metadata": Object {
      "name": "test-my-service-c8493104",
    },
    "spec": Object {
      "externalIPs": Array [],
      "ports": Array [
        Object {
          "port": 80,
        },
      ],
      "selector": Object {},
      "type": "ClusterIP",
    },
  },
  Object {
    "apiVersion": "networking.k8s.io/v1",
    "kind": "Ingress",
    "metadata": Object {
      "name": "test-my-ingress-c8135042",
    },
    "spec": Object {
      "defaultBackend": Object {
        "service": Object {
          "name": "test-my-service-c8493104",
          "port": Object {
            "number": 80,
          },
        },
      },
    },
  },
  Object {
    "apiVersion": "autoscaling/v2",
    "kind": "HorizontalPodAutoscaler",
    "metadata": Object {
      "name": "test-hpa-c8e6eb3e",
    },
    "spec": Object {
      "behavior": Object {
        "scaleDown": Object {
          "policies": Array [
            Object {
              "periodSeconds": 300,
              "type": "Pods",
              "value": 1,
            },
          ],
          "selectPolicy": "Max",
          "stabilizationWindowSeconds": 300,
        },
        "scaleUp": Object {
          "policies": Array [
            Object {
              "periodSeconds": 60,
              "type": "Pods",
              "value": 4,
            },
            Object {
              "periodSeconds": 60,
              "type": "Percent",
              "value": 200,
            },
          ],
          "selectPolicy": "Max",
          "stabilizationWindowSeconds": 0,
        },
      },
      "maxReplicas": 10,
      "metrics": Array [
        Object {
          "object": Object {
            "describedObject": Object {
              "apiVersion": "networking.k8s.io/v1",
              "kind": "Ingress",
              "name": "test-my-ingress-c8135042",
            },
            "metric": Object {
              "name": "requests-per-second",
            },
            "target": Object {
              "averageUtilization": 50,
              "type": "Utilization",
            },
          },
          "type": "Object",
        },
      ],
      "minReplicas": 1,
      "scaleTargetRef": Object {
        "apiVersion": "apps/v1",
        "kind": "Deployment",
        "name": "test-deployment-c898c72d",
      },
    },
  },
]
`;

exports[`creates HPA with pods metric, when provided a Metric.pods() 1`] = `
Array [
  Object {
    "apiVersion": "apps/v1",
    "kind": "Deployment",
    "metadata": Object {
      "name": "test-deployment-c898c72d",
    },
    "spec": Object {
      "minReadySeconds": 0,
      "progressDeadlineSeconds": 600,
      "selector": Object {
        "matchLabels": Object {
          "cdk8s.io/metadata.addr": "test-Deployment-c83f5e59",
        },
      },
      "strategy": Object {
        "rollingUpdate": Object {
          "maxSurge": "25%",
          "maxUnavailable": "25%",
        },
        "type": "RollingUpdate",
      },
      "template": Object {
        "metadata": Object {
          "labels": Object {
            "cdk8s.io/metadata.addr": "test-Deployment-c83f5e59",
          },
        },
        "spec": Object {
          "automountServiceAccountToken": false,
          "containers": Array [
            Object {
              "image": "pod",
              "imagePullPolicy": "Always",
              "name": "main",
              "resources": Object {
                "limits": Object {
                  "cpu": "1500m",
                  "memory": "2048Mi",
                },
                "requests": Object {
                  "cpu": "1000m",
                  "memory": "512Mi",
                },
              },
              "securityContext": Object {
                "allowPrivilegeEscalation": false,
                "privileged": false,
                "readOnlyRootFilesystem": true,
                "runAsNonRoot": true,
              },
            },
          ],
          "dnsPolicy": "ClusterFirst",
          "hostNetwork": false,
          "restartPolicy": "Always",
          "securityContext": Object {
            "fsGroupChangePolicy": "Always",
            "runAsNonRoot": true,
          },
          "setHostnameAsFQDN": false,
          "shareProcessNamespace": false,
          "terminationGracePeriodSeconds": 30,
        },
      },
    },
  },
  Object {
    "apiVersion": "autoscaling/v2",
    "kind": "HorizontalPodAutoscaler",
    "metadata": Object {
      "name": "test-hpa-c8e6eb3e",
    },
    "spec": Object {
      "behavior": Object {
        "scaleDown": Object {
          "policies": Array [
            Object {
              "periodSeconds": 300,
              "type": "Pods",
              "value": 1,
            },
          ],
          "selectPolicy": "Max",
          "stabilizationWindowSeconds": 300,
        },
        "scaleUp": Object {
          "policies": Array [
            Object {
              "periodSeconds": 60,
              "type": "Pods",
              "value": 4,
            },
            Object {
              "periodSeconds": 60,
              "type": "Percent",
              "value": 200,
            },
          ],
          "selectPolicy": "Max",
          "stabilizationWindowSeconds": 0,
        },
      },
      "maxReplicas": 10,
      "metrics": Array [
        Object {
          "pods": Object {
            "metric": Object {
              "name": "requests-per-second",
              "selector": Object {
                "matchLabels": Object {
                  "app": "scraper",
                },
              },
            },
            "target": Object {
              "averageUtilization": 50,
              "type": "Utilization",
            },
          },
          "type": "Pods",
        },
      ],
      "minReplicas": 1,
      "scaleTargetRef": Object {
        "apiVersion": "apps/v1",
        "kind": "Deployment",
        "name": "test-deployment-c898c72d",
      },
    },
  },
]
`;

exports[`creates HPA with scaleUp and scaleDown policies with the default 15 second periodSeconds, when policies are provided without duration option 1`] = `
Array [
  Object {
    "apiVersion": "apps/v1",
    "kind": "Deployment",
    "metadata": Object {
      "name": "test-deployment-c898c72d",
    },
    "spec": Object {
      "minReadySeconds": 0,
      "progressDeadlineSeconds": 600,
      "selector": Object {
        "matchLabels": Object {
          "cdk8s.io/metadata.addr": "test-Deployment-c83f5e59",
        },
      },
      "strategy": Object {
        "rollingUpdate": Object {
          "maxSurge": "25%",
          "maxUnavailable": "25%",
        },
        "type": "RollingUpdate",
      },
      "template": Object {
        "metadata": Object {
          "labels": Object {
            "cdk8s.io/metadata.addr": "test-Deployment-c83f5e59",
          },
        },
        "spec": Object {
          "automountServiceAccountToken": false,
          "containers": Array [
            Object {
              "image": "pod",
              "imagePullPolicy": "Always",
              "name": "main",
              "resources": Object {
                "limits": Object {
                  "cpu": "1500m",
                  "memory": "2048Mi",
                },
                "requests": Object {
                  "cpu": "1000m",
                  "memory": "512Mi",
                },
              },
              "securityContext": Object {
                "allowPrivilegeEscalation": false,
                "privileged": false,
                "readOnlyRootFilesystem": true,
                "runAsNonRoot": true,
              },
            },
          ],
          "dnsPolicy": "ClusterFirst",
          "hostNetwork": false,
          "restartPolicy": "Always",
          "securityContext": Object {
            "fsGroupChangePolicy": "Always",
            "runAsNonRoot": true,
          },
          "setHostnameAsFQDN": false,
          "shareProcessNamespace": false,
          "terminationGracePeriodSeconds": 30,
        },
      },
    },
  },
  Object {
    "apiVersion": "autoscaling/v2",
    "kind": "HorizontalPodAutoscaler",
    "metadata": Object {
      "name": "test-hpa-c8e6eb3e",
    },
    "spec": Object {
      "behavior": Object {
        "scaleDown": Object {
          "policies": Array [
            Object {
              "periodSeconds": 15,
              "type": "Pods",
              "value": 3,
            },
            Object {
              "periodSeconds": 15,
              "type": "Percent",
              "value": 30,
            },
          ],
          "selectPolicy": "Max",
          "stabilizationWindowSeconds": 300,
        },
        "scaleUp": Object {
          "policies": Array [
            Object {
              "periodSeconds": 15,
              "type": "Pods",
              "value": 3,
            },
            Object {
              "periodSeconds": 15,
              "type": "Percent",
              "value": 30,
            },
          ],
          "selectPolicy": "Max",
          "stabilizationWindowSeconds": 0,
        },
      },
      "maxReplicas": 10,
      "minReplicas": 1,
      "scaleTargetRef": Object {
        "apiVersion": "apps/v1",
        "kind": "Deployment",
        "name": "test-deployment-c898c72d",
      },
    },
  },
]
`;

exports[`creates HPA with two different scaling strategies, when provided a scaleUp strategy of Max and scaleDown strategy of Min 1`] = `
Array [
  Object {
    "apiVersion": "apps/v1",
    "kind": "Deployment",
    "metadata": Object {
      "name": "test-deployment-c898c72d",
    },
    "spec": Object {
      "minReadySeconds": 0,
      "progressDeadlineSeconds": 600,
      "selector": Object {
        "matchLabels": Object {
          "cdk8s.io/metadata.addr": "test-Deployment-c83f5e59",
        },
      },
      "strategy": Object {
        "rollingUpdate": Object {
          "maxSurge": "25%",
          "maxUnavailable": "25%",
        },
        "type": "RollingUpdate",
      },
      "template": Object {
        "metadata": Object {
          "labels": Object {
            "cdk8s.io/metadata.addr": "test-Deployment-c83f5e59",
          },
        },
        "spec": Object {
          "automountServiceAccountToken": false,
          "containers": Array [
            Object {
              "image": "pod",
              "imagePullPolicy": "Always",
              "name": "main",
              "resources": Object {
                "limits": Object {
                  "cpu": "1500m",
                  "memory": "2048Mi",
                },
                "requests": Object {
                  "cpu": "1000m",
                  "memory": "512Mi",
                },
              },
              "securityContext": Object {
                "allowPrivilegeEscalation": false,
                "privileged": false,
                "readOnlyRootFilesystem": true,
                "runAsNonRoot": true,
              },
            },
          ],
          "dnsPolicy": "ClusterFirst",
          "hostNetwork": false,
          "restartPolicy": "Always",
          "securityContext": Object {
            "fsGroupChangePolicy": "Always",
            "runAsNonRoot": true,
          },
          "setHostnameAsFQDN": false,
          "shareProcessNamespace": false,
          "terminationGracePeriodSeconds": 30,
        },
      },
    },
  },
  Object {
    "apiVersion": "autoscaling/v2",
    "kind": "HorizontalPodAutoscaler",
    "metadata": Object {
      "name": "test-hpa-c8e6eb3e",
    },
    "spec": Object {
      "behavior": Object {
        "scaleDown": Object {
          "policies": Array [
            Object {
              "periodSeconds": 180,
              "type": "Pods",
              "value": 3,
            },
          ],
          "selectPolicy": "Min",
          "stabilizationWindowSeconds": 300,
        },
        "scaleUp": Object {
          "policies": Array [
            Object {
              "periodSeconds": 180,
              "type": "Pods",
              "value": 3,
            },
          ],
          "selectPolicy": "Max",
          "stabilizationWindowSeconds": 300,
        },
      },
      "maxReplicas": 10,
      "metrics": Array [
        Object {
          "resource": Object {
            "name": "cpu",
            "target": Object {
              "averageUtilization": 50,
              "type": "Utilization",
            },
          },
          "type": "Resource",
        },
      ],
      "minReplicas": 2,
      "scaleTargetRef": Object {
        "apiVersion": "apps/v1",
        "kind": "Deployment",
        "name": "test-deployment-c898c72d",
      },
    },
  },
]
`;

exports[`creates HPA, when metrics are not provided and one of the two target containers does not have any resources limits/requests 1`] = `
Array [
  Object {
    "apiVersion": "apps/v1",
    "kind": "Deployment",
    "metadata": Object {
      "name": "test-deployment-c898c72d",
    },
    "spec": Object {
      "minReadySeconds": 0,
      "progressDeadlineSeconds": 600,
      "selector": Object {
        "matchLabels": Object {
          "cdk8s.io/metadata.addr": "test-Deployment-c83f5e59",
        },
      },
      "strategy": Object {
        "rollingUpdate": Object {
          "maxSurge": "25%",
          "maxUnavailable": "25%",
        },
        "type": "RollingUpdate",
      },
      "template": Object {
        "metadata": Object {
          "labels": Object {
            "cdk8s.io/metadata.addr": "test-Deployment-c83f5e59",
          },
        },
        "spec": Object {
          "automountServiceAccountToken": false,
          "containers": Array [
            Object {
              "image": "pod1",
              "imagePullPolicy": "Always",
              "name": "main",
              "securityContext": Object {
                "allowPrivilegeEscalation": false,
                "privileged": false,
                "readOnlyRootFilesystem": true,
                "runAsNonRoot": true,
              },
            },
            Object {
              "image": "pod2",
              "imagePullPolicy": "Always",
              "name": "main",
              "resources": Object {
                "requests": Object {
                  "cpu": "256m",
                },
              },
              "securityContext": Object {
                "allowPrivilegeEscalation": false,
                "privileged": false,
                "readOnlyRootFilesystem": true,
                "runAsNonRoot": true,
              },
            },
          ],
          "dnsPolicy": "ClusterFirst",
          "hostNetwork": false,
          "restartPolicy": "Always",
          "securityContext": Object {
            "fsGroupChangePolicy": "Always",
            "runAsNonRoot": true,
          },
          "setHostnameAsFQDN": false,
          "shareProcessNamespace": false,
          "terminationGracePeriodSeconds": 30,
        },
      },
    },
  },
  Object {
    "apiVersion": "autoscaling/v2",
    "kind": "HorizontalPodAutoscaler",
    "metadata": Object {
      "name": "test-hpa-c8e6eb3e",
    },
    "spec": Object {
      "behavior": Object {
        "scaleDown": Object {
          "policies": Array [
            Object {
              "periodSeconds": 300,
              "type": "Pods",
              "value": 1,
            },
          ],
          "selectPolicy": "Max",
          "stabilizationWindowSeconds": 300,
        },
        "scaleUp": Object {
          "policies": Array [
            Object {
              "periodSeconds": 60,
              "type": "Pods",
              "value": 4,
            },
            Object {
              "periodSeconds": 60,
              "type": "Percent",
              "value": 200,
            },
          ],
          "selectPolicy": "Max",
          "stabilizationWindowSeconds": 0,
        },
      },
      "maxReplicas": 10,
      "minReplicas": 1,
      "scaleTargetRef": Object {
        "apiVersion": "apps/v1",
        "kind": "Deployment",
        "name": "test-deployment-c898c72d",
      },
    },
  },
]
`;

exports[`creates HPA, when minReplicas is same as maxReplicas 1`] = `
Array [
  Object {
    "apiVersion": "apps/v1",
    "kind": "Deployment",
    "metadata": Object {
      "name": "test-deployment-c898c72d",
    },
    "spec": Object {
      "minReadySeconds": 0,
      "progressDeadlineSeconds": 600,
      "selector": Object {
        "matchLabels": Object {
          "cdk8s.io/metadata.addr": "test-Deployment-c83f5e59",
        },
      },
      "strategy": Object {
        "rollingUpdate": Object {
          "maxSurge": "25%",
          "maxUnavailable": "25%",
        },
        "type": "RollingUpdate",
      },
      "template": Object {
        "metadata": Object {
          "labels": Object {
            "cdk8s.io/metadata.addr": "test-Deployment-c83f5e59",
          },
        },
        "spec": Object {
          "automountServiceAccountToken": false,
          "containers": Array [
            Object {
              "image": "pod",
              "imagePullPolicy": "Always",
              "name": "main",
              "resources": Object {
                "limits": Object {
                  "cpu": "1500m",
                  "memory": "2048Mi",
                },
                "requests": Object {
                  "cpu": "1000m",
                  "memory": "512Mi",
                },
              },
              "securityContext": Object {
                "allowPrivilegeEscalation": false,
                "privileged": false,
                "readOnlyRootFilesystem": true,
                "runAsNonRoot": true,
              },
            },
          ],
          "dnsPolicy": "ClusterFirst",
          "hostNetwork": false,
          "restartPolicy": "Always",
          "securityContext": Object {
            "fsGroupChangePolicy": "Always",
            "runAsNonRoot": true,
          },
          "setHostnameAsFQDN": false,
          "shareProcessNamespace": false,
          "terminationGracePeriodSeconds": 30,
        },
      },
    },
  },
  Object {
    "apiVersion": "autoscaling/v2",
    "kind": "HorizontalPodAutoscaler",
    "metadata": Object {
      "name": "test-hpa-c8e6eb3e",
    },
    "spec": Object {
      "behavior": Object {
        "scaleDown": Object {
          "policies": Array [
            Object {
              "periodSeconds": 300,
              "type": "Pods",
              "value": 10,
            },
          ],
          "selectPolicy": "Max",
          "stabilizationWindowSeconds": 300,
        },
        "scaleUp": Object {
          "policies": Array [
            Object {
              "periodSeconds": 60,
              "type": "Pods",
              "value": 4,
            },
            Object {
              "periodSeconds": 60,
              "type": "Percent",
              "value": 200,
            },
          ],
          "selectPolicy": "Max",
          "stabilizationWindowSeconds": 0,
        },
      },
      "maxReplicas": 10,
      "minReplicas": 10,
      "scaleTargetRef": Object {
        "apiVersion": "apps/v1",
        "kind": "Deployment",
        "name": "test-deployment-c898c72d",
      },
    },
  },
]
`;

exports[`creates HPA, when target is a StatefulSet 1`] = `
Array [
  Object {
    "apiVersion": "v1",
    "kind": "Service",
    "metadata": Object {
      "name": "test-testservice-c876eb6f",
    },
    "spec": Object {
      "externalIPs": Array [],
      "ports": Array [
        Object {
          "port": 80,
        },
      ],
      "selector": Object {
        "cdk8s.io/metadata.addr": "test-StatefulSet-c809b559",
      },
      "type": "ClusterIP",
    },
  },
  Object {
    "apiVersion": "apps/v1",
    "kind": "StatefulSet",
    "metadata": Object {
      "name": "test-statefulset-c8a6ec86",
    },
    "spec": Object {
      "minReadySeconds": 0,
      "podManagementPolicy": "OrderedReady",
      "selector": Object {},
      "serviceName": "test-testservice-c876eb6f",
      "template": Object {
        "metadata": Object {
          "labels": Object {
            "cdk8s.io/metadata.addr": "test-StatefulSet-c809b559",
          },
        },
        "spec": Object {
          "automountServiceAccountToken": false,
          "containers": Array [
            Object {
              "image": "foobar",
              "imagePullPolicy": "Always",
              "name": "main",
              "resources": Object {
                "limits": Object {
                  "cpu": "1500m",
                  "memory": "2048Mi",
                },
                "requests": Object {
                  "cpu": "1000m",
                  "memory": "512Mi",
                },
              },
              "securityContext": Object {
                "allowPrivilegeEscalation": false,
                "privileged": false,
                "readOnlyRootFilesystem": true,
                "runAsNonRoot": true,
              },
            },
          ],
          "dnsPolicy": "ClusterFirst",
          "hostNetwork": false,
          "restartPolicy": "Always",
          "securityContext": Object {
            "fsGroupChangePolicy": "Always",
            "runAsNonRoot": true,
          },
          "setHostnameAsFQDN": false,
          "shareProcessNamespace": false,
          "terminationGracePeriodSeconds": 30,
        },
      },
      "updateStrategy": Object {
        "rollingUpdate": Object {
          "partition": 0,
        },
        "type": "RollingUpdate",
      },
    },
  },
  Object {
    "apiVersion": "autoscaling/v2",
    "kind": "HorizontalPodAutoscaler",
    "metadata": Object {
      "name": "test-hpa-c8e6eb3e",
    },
    "spec": Object {
      "behavior": Object {
        "scaleDown": Object {
          "policies": Array [
            Object {
              "periodSeconds": 300,
              "type": "Pods",
              "value": 1,
            },
          ],
          "selectPolicy": "Max",
          "stabilizationWindowSeconds": 300,
        },
        "scaleUp": Object {
          "policies": Array [
            Object {
              "periodSeconds": 60,
              "type": "Pods",
              "value": 4,
            },
            Object {
              "periodSeconds": 60,
              "type": "Percent",
              "value": 200,
            },
          ],
          "selectPolicy": "Max",
          "stabilizationWindowSeconds": 0,
        },
      },
      "maxReplicas": 10,
      "minReplicas": 1,
      "scaleTargetRef": Object {
        "apiVersion": "apps/v1",
        "kind": "StatefulSet",
        "name": "test-statefulset-c8a6ec86",
      },
    },
  },
]
`;

exports[`creates HPA, when target is a deployment 1`] = `
Array [
  Object {
    "apiVersion": "apps/v1",
    "kind": "Deployment",
    "metadata": Object {
      "name": "test-deployment-c898c72d",
    },
    "spec": Object {
      "minReadySeconds": 0,
      "progressDeadlineSeconds": 600,
      "selector": Object {
        "matchLabels": Object {
          "cdk8s.io/metadata.addr": "test-Deployment-c83f5e59",
        },
      },
      "strategy": Object {
        "rollingUpdate": Object {
          "maxSurge": "25%",
          "maxUnavailable": "25%",
        },
        "type": "RollingUpdate",
      },
      "template": Object {
        "metadata": Object {
          "labels": Object {
            "cdk8s.io/metadata.addr": "test-Deployment-c83f5e59",
          },
        },
        "spec": Object {
          "automountServiceAccountToken": false,
          "containers": Array [
            Object {
              "image": "pod",
              "imagePullPolicy": "Always",
              "name": "main",
              "resources": Object {
                "limits": Object {
                  "cpu": "1500m",
                  "memory": "2048Mi",
                },
                "requests": Object {
                  "cpu": "1000m",
                  "memory": "512Mi",
                },
              },
              "securityContext": Object {
                "allowPrivilegeEscalation": false,
                "privileged": false,
                "readOnlyRootFilesystem": true,
                "runAsNonRoot": true,
              },
            },
          ],
          "dnsPolicy": "ClusterFirst",
          "hostNetwork": false,
          "restartPolicy": "Always",
          "securityContext": Object {
            "fsGroupChangePolicy": "Always",
            "runAsNonRoot": true,
          },
          "setHostnameAsFQDN": false,
          "shareProcessNamespace": false,
          "terminationGracePeriodSeconds": 30,
        },
      },
    },
  },
  Object {
    "apiVersion": "autoscaling/v2",
    "kind": "HorizontalPodAutoscaler",
    "metadata": Object {
      "name": "test-hpa-c8e6eb3e",
    },
    "spec": Object {
      "behavior": Object {
        "scaleDown": Object {
          "policies": Array [
            Object {
              "periodSeconds": 300,
              "type": "Pods",
              "value": 1,
            },
          ],
          "selectPolicy": "Max",
          "stabilizationWindowSeconds": 300,
        },
        "scaleUp": Object {
          "policies": Array [
            Object {
              "periodSeconds": 60,
              "type": "Pods",
              "value": 4,
            },
            Object {
              "periodSeconds": 60,
              "type": "Percent",
              "value": 200,
            },
          ],
          "selectPolicy": "Max",
          "stabilizationWindowSeconds": 0,
        },
      },
      "maxReplicas": 10,
      "minReplicas": 1,
      "scaleTargetRef": Object {
        "apiVersion": "apps/v1",
        "kind": "Deployment",
        "name": "test-deployment-c898c72d",
      },
    },
  },
]
`;

exports[`default configuration 1`] = `
Array [
  Object {
    "apiVersion": "apps/v1",
    "kind": "Deployment",
    "metadata": Object {
      "name": "test-deployment-c898c72d",
    },
    "spec": Object {
      "minReadySeconds": 0,
      "progressDeadlineSeconds": 600,
      "selector": Object {
        "matchLabels": Object {
          "cdk8s.io/metadata.addr": "test-Deployment-c83f5e59",
        },
      },
      "strategy": Object {
        "rollingUpdate": Object {
          "maxSurge": "25%",
          "maxUnavailable": "25%",
        },
        "type": "RollingUpdate",
      },
      "template": Object {
        "metadata": Object {
          "labels": Object {
            "cdk8s.io/metadata.addr": "test-Deployment-c83f5e59",
          },
        },
        "spec": Object {
          "automountServiceAccountToken": false,
          "containers": Array [
            Object {
              "image": "pod",
              "imagePullPolicy": "Always",
              "name": "main",
              "resources": Object {
                "limits": Object {
                  "cpu": "1500m",
                  "memory": "2048Mi",
                },
                "requests": Object {
                  "cpu": "1000m",
                  "memory": "512Mi",
                },
              },
              "securityContext": Object {
                "allowPrivilegeEscalation": false,
                "privileged": false,
                "readOnlyRootFilesystem": true,
                "runAsNonRoot": true,
              },
            },
          ],
          "dnsPolicy": "ClusterFirst",
          "hostNetwork": false,
          "restartPolicy": "Always",
          "securityContext": Object {
            "fsGroupChangePolicy": "Always",
            "runAsNonRoot": true,
          },
          "setHostnameAsFQDN": false,
          "shareProcessNamespace": false,
          "terminationGracePeriodSeconds": 30,
        },
      },
    },
  },
  Object {
    "apiVersion": "autoscaling/v2",
    "kind": "HorizontalPodAutoscaler",
    "metadata": Object {
      "name": "test-hpa-c8e6eb3e",
    },
    "spec": Object {
      "behavior": Object {
        "scaleDown": Object {
          "policies": Array [
            Object {
              "periodSeconds": 300,
              "type": "Pods",
              "value": 1,
            },
          ],
          "selectPolicy": "Max",
          "stabilizationWindowSeconds": 300,
        },
        "scaleUp": Object {
          "policies": Array [
            Object {
              "periodSeconds": 60,
              "type": "Pods",
              "value": 4,
            },
            Object {
              "periodSeconds": 60,
              "type": "Percent",
              "value": 200,
            },
          ],
          "selectPolicy": "Max",
          "stabilizationWindowSeconds": 0,
        },
      },
      "maxReplicas": 10,
      "minReplicas": 1,
      "scaleTargetRef": Object {
        "apiVersion": "apps/v1",
        "kind": "Deployment",
        "name": "test-deployment-c898c72d",
      },
    },
  },
]
`;

exports[`targets a deployment that has containers with volume mounts 1`] = `
Array [
  Object {
    "apiVersion": "apps/v1",
    "kind": "Deployment",
    "metadata": Object {
      "name": "test-deployment-c8dc6bdf",
    },
    "spec": Object {
      "minReadySeconds": 0,
      "progressDeadlineSeconds": 600,
      "selector": Object {
        "matchLabels": Object {
          "cdk8s.io/metadata.addr": "test-deployment-c84c12f6",
        },
      },
      "strategy": Object {
        "rollingUpdate": Object {
          "maxSurge": "25%",
          "maxUnavailable": "25%",
        },
        "type": "RollingUpdate",
      },
      "template": Object {
        "metadata": Object {
          "labels": Object {
            "cdk8s.io/metadata.addr": "test-deployment-c84c12f6",
          },
        },
        "spec": Object {
          "automountServiceAccountToken": false,
          "containers": Array [
            Object {
              "image": "ubuntu",
              "imagePullPolicy": "Always",
              "name": "test",
              "resources": Object {
                "limits": Object {
                  "cpu": "1500m",
                  "memory": "2048Mi",
                },
                "requests": Object {
                  "cpu": "1000m",
                  "memory": "512Mi",
                },
              },
              "securityContext": Object {
                "allowPrivilegeEscalation": false,
                "privileged": false,
                "readOnlyRootFilesystem": true,
                "runAsNonRoot": true,
              },
              "volumeMounts": Array [
                Object {
                  "mountPath": "./test",
                  "name": "test",
                },
              ],
            },
          ],
          "dnsPolicy": "ClusterFirst",
          "hostNetwork": false,
          "restartPolicy": "Always",
          "securityContext": Object {
            "fsGroupChangePolicy": "Always",
            "runAsNonRoot": true,
          },
          "setHostnameAsFQDN": false,
          "shareProcessNamespace": false,
          "terminationGracePeriodSeconds": 30,
          "volumes": Array [
            Object {
              "emptyDir": Object {},
              "name": "test",
            },
          ],
        },
      },
    },
  },
  Object {
    "apiVersion": "autoscaling/v2",
    "kind": "HorizontalPodAutoscaler",
    "metadata": Object {
      "name": "test-hpa-c8054d86",
    },
    "spec": Object {
      "behavior": Object {
        "scaleDown": Object {
          "policies": Array [
            Object {
              "periodSeconds": 300,
              "type": "Pods",
              "value": 1,
            },
          ],
          "selectPolicy": "Max",
          "stabilizationWindowSeconds": 300,
        },
        "scaleUp": Object {
          "policies": Array [
            Object {
              "periodSeconds": 60,
              "type": "Pods",
              "value": 4,
            },
            Object {
              "periodSeconds": 60,
              "type": "Percent",
              "value": 200,
            },
          ],
          "selectPolicy": "Max",
          "stabilizationWindowSeconds": 0,
        },
      },
      "maxReplicas": 5,
      "minReplicas": 1,
      "scaleTargetRef": Object {
        "apiVersion": "apps/v1",
        "kind": "Deployment",
        "name": "test-deployment-c8dc6bdf",
      },
    },
  },
]
`;
