// Jest Snapshot v1, https://goo.gl/fbAQLP

exports[`can select all namespaces 1`] = `Object {}`;

exports[`can select namespaces by labels and selectors 1`] = `
Object {
  "matchExpressions": Array [
    Object {
      "key": "role",
      "operator": "Exists",
      "values": undefined,
    },
    Object {
      "key": "team",
      "operator": "In",
      "values": Array [
        "backoffice",
      ],
    },
  ],
}
`;

exports[`can select namespaces by labels and selectors and names 1`] = `
Object {
  "matchExpressions": Array [
    Object {
      "key": "role",
      "operator": "Exists",
      "values": undefined,
    },
    Object {
      "key": "team",
      "operator": "In",
      "values": Array [
        "backoffice",
      ],
    },
  ],
}
`;

exports[`can select namespaces by name 1`] = `Object {}`;

exports[`defaults 1`] = `
Array [
  Object {
    "apiVersion": "v1",
    "kind": "Namespace",
    "metadata": Object {
      "name": "test-namespace-c83f04e1",
    },
    "spec": Object {},
  },
]
`;
