// Jest Snapshot v1, https://goo.gl/fbAQLP

exports[`deafults 1`] = `
Array [
  Object {
    "apiVersion": "v1",
    "kind": "Pod",
    "metadata": Object {
      "name": "test-pod-c890e1b8",
    },
    "spec": Object {
      "automountServiceAccountToken": true,
      "containers": Array [
        Object {
          "image": "image",
          "imagePullPolicy": "Always",
          "name": "main",
          "securityContext": Object {
            "privileged": false,
            "readOnlyRootFilesystem": false,
            "runAsNonRoot": false,
          },
        },
      ],
      "dnsPolicy": "ClusterFirst",
      "securityContext": Object {
        "fsGroupChangePolicy": "Always",
        "runAsNonRoot": false,
      },
      "setHostnameAsFQDN": false,
    },
  },
]
`;
