// Jest Snapshot v1, https://goo.gl/fbAQLP

exports[`can grant permissions on imported 1`] = `
Array [
  Object {
    "apiVersion": "rbac.authorization.k8s.io/v1",
    "kind": "Role",
    "metadata": Object {
      "name": "test-role-c8eba390",
    },
    "rules": Array [
      Object {
        "apiGroups": Array [
          "",
        ],
        "resourceNames": Array [
          "service-account",
        ],
        "resources": Array [
          "serviceaccounts",
        ],
        "verbs": Array [
          "get",
          "list",
          "watch",
        ],
      },
    ],
  },
]
`;

exports[`role can bind to imported 1`] = `
Array [
  Object {
    "apiVersion": "rbac.authorization.k8s.io/v1",
    "kind": "Role",
    "metadata": Object {
      "name": "test-role-c8eba390",
    },
    "rules": Array [],
  },
  Object {
    "apiVersion": "rbac.authorization.k8s.io/v1",
    "kind": "RoleBinding",
    "metadata": Object {
      "name": "rolebindingc8d4456c17d6b366ba98c773dfc8a963b7-c8f143a2",
    },
    "roleRef": Object {
      "apiGroup": "rbac.authorization.k8s.io",
      "kind": "Role",
      "name": "test-role-c8eba390",
    },
    "subjects": Array [
      Object {
        "apiGroup": "",
        "kind": "ServiceAccount",
        "name": "sa-name",
        "namespace": "kube-system",
      },
    ],
  },
]
`;
